// Jest Snapshot v1, https://goo.gl/fbAQLP

exports[`Index renders correctly 1`] = `
<View>
  <Text>
    Links index.
  </Text>
</View>
`;
